// Jest Snapshot v1, https://goo.gl/fbAQLP

exports[`Input snapshots 1`] = `
<div>
  <form>
    <div
      class="g-input-wrapper"
      data-testid="input"
    >
      <input
        class="g-input g-input-medium .has-icon"
        placeholder="请输入内容..."
        type="text"
      />
       
      <svg
        class="g-input-icon clear g-icon"
      >
        <use
          aria-hidden="true"
          xlink:href="#icon-cross"
        />
      </svg>
       
      <!---->
    </div>
     
    <span
      data-testid="content"
    >
      1
    </span>
  </form>
</div>
`;
